#-----------------------------------------------------------
# Vivado v2017.4 (64-bit)
# SW Build 2086221 on Fri Dec 15 20:55:39 MST 2017
# IP Build 2085800 on Fri Dec 15 22:25:07 MST 2017
# Start of session at: Fri Mar  2 23:48:16 2018
# Process ID: 324
# Current directory: C:/Users/Jake/Engineering/ZYNQ/Custom-PL
# Command line: vivado.exe -gui_launcher_event rodinguilauncherevent4788 C:\Users\Jake\Engineering\ZYNQ\Custom-PL\Custom-PL.xpr
# Log file: C:/Users/Jake/Engineering/ZYNQ/Custom-PL/vivado.log
# Journal file: C:/Users/Jake/Engineering/ZYNQ/Custom-PL\vivado.jou
#-----------------------------------------------------------
start_gui
open_project C:/Users/Jake/Engineering/ZYNQ/Custom-PL/Custom-PL.xpr
update_compile_order -fileset sources_1
open_bd_design {C:/Users/Jake/Engineering/ZYNQ/Custom-PL/Custom-PL.srcs/sources_1/bd/design_1/design_1.bd}
delete_bd_objs [get_bd_intf_nets ps7_0_axi_periph_M00_AXI] [get_bd_nets JG_ZYNQ_RGB_Core_0_rgb_out] [get_bd_cells JG_ZYNQ_RGB_Core_0]
set_property  ip_repo_paths  c:/Users/Jake/Engineering/ZYNQ/ip_repo/JG_Adder_Core_1.0 [current_project]
update_ip_catalog
set_property  ip_repo_paths  {} [current_project]
update_ip_catalog
save_bd_design
